[    0.000000] Initializing cgroup subsys cpuset
[    0.000000] Initializing cgroup subsys cpu
[    0.000000] Initializing cgroup subsys cpuacct
[    0.000000] Linux version 4.4.0-194-generic (buildd@lcy01-amd64-020) (gcc version 5.4.0 20160609 (Ubuntu 5.4.0-6ubuntu1~16.04.12) ) #226-Ubuntu SMP Wed Oct 21 10:19:36 UTC 2020 (Ubuntu 4.4.0-194.226-generic 4.4.236)
[    0.000000] Command line: BOOT_IMAGE=/boot/vmlinuz-4.4.0-194-generic root=LABEL=cloudimg-rootfs ro console=tty1 console=ttyS0
[    0.000000] KERNEL supported cpus:
[    0.000000]   Intel GenuineIntel
[    0.000000]   AMD AuthenticAMD
[    0.000000]   Centaur CentaurHauls
[    0.000000] x86/fpu: xstate_offset[2]:  576, xstate_sizes[2]:  256
[    0.000000] x86/fpu: Supporting XSAVE feature 0x01: 'x87 floating point registers'
[    0.000000] x86/fpu: Supporting XSAVE feature 0x02: 'SSE registers'
[    0.000000] x86/fpu: Supporting XSAVE feature 0x04: 'AVX registers'
[    0.000000] x86/fpu: Enabled xstate features 0x7, context size is 832 bytes, using 'standard' format.
[    0.000000] e820: BIOS-provided physical RAM map:
[    0.000000] BIOS-e820: [mem 0x0000000000000000-0x000000000009fbff] usable
[    0.000000] BIOS-e820: [mem 0x000000000009fc00-0x000000000009ffff] reserved
[    0.000000] BIOS-e820: [mem 0x00000000000f0000-0x00000000000fffff] reserved
[    0.000000] BIOS-e820: [mem 0x0000000000100000-0x000000003ffeffff] usable
[    0.000000] BIOS-e820: [mem 0x000000003fff0000-0x000000003fffffff] ACPI data
[    0.000000] BIOS-e820: [mem 0x00000000fec00000-0x00000000fec00fff] reserved
[    0.000000] BIOS-e820: [mem 0x00000000fee00000-0x00000000fee00fff] reserved
[    0.000000] BIOS-e820: [mem 0x00000000fffc0000-0x00000000ffffffff] reserved
[    0.000000] NX (Execute Disable) protection: active
[    0.000000] SMBIOS 2.5 present.
[    0.000000] Hypervisor detected: KVM
[    0.000000] e820: last_pfn = 0x3fff0 max_arch_pfn = 0x400000000
[    0.000000] MTRR: Disabled
[    0.000000] x86/PAT: MTRRs disabled, skipping PAT initialization too.
[    0.000000] CPU MTRRs all blank - virtualized system.
[    0.000000] x86/PAT: Configuration [0-7]: WB  WT  UC- UC  WB  WT  UC- UC  
[    0.000000] found SMP MP-table at [mem 0x0009fff0-0x0009ffff] mapped at [ffff88000009fff0]
[    0.000000] Scanning 1 areas for low memory corruption
[    0.000000] RAMDISK: [mem 0x362e0000-0x37167fff]
[    0.000000] ACPI: Early table checksum verification disabled
[    0.000000] ACPI: RSDP 0x00000000000E0000 000024 (v02 VBOX  )
[    0.000000] ACPI: XSDT 0x000000003FFF0030 00003C (v01 VBOX   VBOXXSDT 00000001 ASL  00000061)
[    0.000000] ACPI: FACP 0x000000003FFF00F0 0000F4 (v04 VBOX   VBOXFACP 00000001 ASL  00000061)
[    0.000000] ACPI: DSDT 0x000000003FFF0470 002325 (v02 VBOX   VBOXBIOS 00000002 INTL 20100528)
[    0.000000] ACPI: FACS 0x000000003FFF0200 000040
[    0.000000] ACPI: FACS 0x000000003FFF0200 000040
[    0.000000] ACPI: APIC 0x000000003FFF0240 00005C (v02 VBOX   VBOXAPIC 00000001 ASL  00000061)
[    0.000000] ACPI: SSDT 0x000000003FFF02A0 0001CC (v01 VBOX   VBOXCPUT 00000002 INTL 20100528)
[    0.000000] No NUMA configuration found
[    0.000000] Faking a node at [mem 0x0000000000000000-0x000000003ffeffff]
[    0.000000] NODE_DATA(0) allocated [mem 0x3ffeb000-0x3ffeffff]
[    0.000000] kvm-clock: Using msrs 4b564d01 and 4b564d00
[    0.000000] kvm-clock: cpu 0, msr 0:3ffe3001, primary cpu clock
[    0.000000] kvm-clock: using sched offset of 4357226035 cycles
[    0.000000] clocksource: kvm-clock: mask: 0xffffffffffffffff max_cycles: 0x1cd42e4dffb, max_idle_ns: 881590591483 ns
[    0.000000] Zone ranges:
[    0.000000]   DMA      [mem 0x0000000000001000-0x0000000000ffffff]
[    0.000000]   DMA32    [mem 0x0000000001000000-0x000000003ffeffff]
[    0.000000]   Normal   empty
[    0.000000]   Device   empty
[    0.000000] Movable zone start for each node
[    0.000000] Early memory node ranges
[    0.000000]   node   0: [mem 0x0000000000001000-0x000000000009efff]
[    0.000000]   node   0: [mem 0x0000000000100000-0x000000003ffeffff]
[    0.000000] Initmem setup node 0 [mem 0x0000000000001000-0x000000003ffeffff]
[    0.000000] ACPI: PM-Timer IO Port: 0x4008
[    0.000000] IOAPIC[0]: apic_id 2, version 32, address 0xfec00000, GSI 0-23
[    0.000000] ACPI: INT_SRC_OVR (bus 0 bus_irq 0 global_irq 2 dfl dfl)
[    0.000000] ACPI: INT_SRC_OVR (bus 0 bus_irq 9 global_irq 9 low level)
[    0.000000] Using ACPI (MADT) for SMP configuration information
[    0.000000] smpboot: Allowing 2 CPUs, 0 hotplug CPUs
[    0.000000] PM: Registered nosave memory: [mem 0x00000000-0x00000fff]
[    0.000000] PM: Registered nosave memory: [mem 0x0009f000-0x0009ffff]
[    0.000000] PM: Registered nosave memory: [mem 0x000a0000-0x000effff]
[    0.000000] PM: Registered nosave memory: [mem 0x000f0000-0x000fffff]
[    0.000000] e820: [mem 0x40000000-0xfebfffff] available for PCI devices
[    0.000000] Booting paravirtualized kernel on KVM
[    0.000000] clocksource: refined-jiffies: mask: 0xffffffff max_cycles: 0xffffffff, max_idle_ns: 7645519600211568 ns
[    0.000000] setup_percpu: NR_CPUS:512 nr_cpumask_bits:512 nr_cpu_ids:2 nr_node_ids:1
[    0.000000] PERCPU: Embedded 33 pages/cpu @ffff88003fc00000 s95512 r8192 d31464 u1048576
[    0.000000] Built 1 zonelists in Node order, mobility grouping on.  Total pages: 257912
[    0.000000] Policy zone: DMA32
[    0.000000] Kernel command line: BOOT_IMAGE=/boot/vmlinuz-4.4.0-194-generic root=LABEL=cloudimg-rootfs ro console=tty1 console=ttyS0
[    0.000000] PID hash table entries: 4096 (order: 3, 32768 bytes)
[    0.000000] Memory: 997664K/1048120K available (8640K kernel code, 1337K rwdata, 4040K rodata, 1492K init, 1296K bss, 50456K reserved, 0K cma-reserved)
[    0.000000] SLUB: HWalign=64, Order=0-3, MinObjects=0, CPUs=2, Nodes=1
[    0.000000] Kernel/User page tables isolation: enabled
[    0.000000] Hierarchical RCU implementation.
[    0.000000] 	Build-time adjustment of leaf fanout to 64.
[    0.000000] 	RCU restricting CPUs from NR_CPUS=512 to nr_cpu_ids=2.
[    0.000000] RCU: Adjusting geometry for rcu_fanout_leaf=64, nr_cpu_ids=2
[    0.000000] NR_IRQS:33024 nr_irqs:440 16
[    0.000000] Console: colour VGA+ 80x25
[    0.000000] console [tty1] enabled
[    0.000000] console [ttyS0] enabled
[    0.000000] tsc: Detected 2712.000 MHz processor
[    0.239791] Calibrating delay loop (skipped) preset value.. 5424.00 BogoMIPS (lpj=10848000)
[    0.241972] pid_max: default: 32768 minimum: 301
[    0.249184] ACPI: Core revision 20150930
[    0.252453] ACPI: 2 ACPI AML tables successfully acquired and loaded
[    0.254199] Security Framework initialized
[    0.255403] Yama: becoming mindful.
[    0.256241] AppArmor: AppArmor initialized
[    0.257487] Dentry cache hash table entries: 131072 (order: 8, 1048576 bytes)
[    0.266742] Inode-cache hash table entries: 65536 (order: 7, 524288 bytes)
[    0.268533] Mount-cache hash table entries: 2048 (order: 2, 16384 bytes)
[    0.270472] Mountpoint-cache hash table entries: 2048 (order: 2, 16384 bytes)
[    0.273157] Initializing cgroup subsys io
[    0.275323] Initializing cgroup subsys memory
[    0.281520] Initializing cgroup subsys devices
[    0.283101] Initializing cgroup subsys freezer
[    0.284367] Initializing cgroup subsys net_cls
[    0.285894] Initializing cgroup subsys perf_event
[    0.287784] Initializing cgroup subsys net_prio
[    0.289288] Initializing cgroup subsys hugetlb
[    0.290642] Initializing cgroup subsys pids
[    0.294157] mce: CPU supports 0 MCE banks
[    0.296986] Last level iTLB entries: 4KB 64, 2MB 8, 4MB 8
[    0.298758] Last level dTLB entries: 4KB 64, 2MB 0, 4MB 0, 1GB 4
[    0.300275] Spectre V1 : Mitigation: usercopy/swapgs barriers and __user pointer sanitization
[    0.302372] Spectre V2 : Mitigation: Full generic retpoline
[    0.303612] Spectre V2 : Spectre v2 / SpectreRSB mitigation: Filling RSB on context switch
[    0.306010] Speculative Store Bypass: Vulnerable
[    0.307148] SRBDS: Unknown: Dependent on hypervisor status
[    0.308742] MDS: Mitigation: Clear CPU buffers
[    0.320381] Freeing SMP alternatives memory: 36K
[    0.336309] ftrace: allocating 32346 entries in 127 pages
[    0.428037] smpboot: APIC(0) Converting physical 0 to logical package 0
[    0.429613] smpboot: Max logical packages: 1
[    0.431169] x2apic enabled
[    0.432183] Switched APIC routing to physical x2apic.
[    0.434946] ..TIMER: vector=0x30 apic1=0 pin1=2 apic2=-1 pin2=-1
[    0.545503] smpboot: CPU0: Intel(R) Core(TM) i5-7200U CPU @ 2.50GHz (family: 0x6, model: 0x8e, stepping: 0x9)
[    0.550478] Performance Events: unsupported p6 CPU model 142 no PMU driver, software events only.
[    0.573519] KVM setup paravirtual spinlock
[    0.575665] x86: Booting SMP configuration:
[    0.578881] .... node  #0, CPUs:      #1
[    0.579884] kvm-clock: cpu 1, msr 0:3ffe3041, secondary cpu clock
[    0.585144] mce: CPU supports 0 MCE banks
[    0.588122] x86: Booted up 1 node, 2 CPUs
[    0.596739] smpboot: Total of 2 processors activated (10848.00 BogoMIPS)
[    0.599986] devtmpfs: initialized
[    0.604667] evm: security.selinux
[    0.606164] evm: security.SMACK64
[    0.607247] evm: security.SMACK64EXEC
[    0.608455] evm: security.SMACK64TRANSMUTE
[    0.611850] evm: security.SMACK64MMAP
[    0.613936] evm: security.ima
[    0.615503] evm: security.capability
[    0.616971] clocksource: jiffies: mask: 0xffffffff max_cycles: 0xffffffff, max_idle_ns: 7645041785100000 ns
[    0.619455] futex hash table entries: 512 (order: 3, 32768 bytes)
[    0.621150] pinctrl core: initialized pinctrl subsystem
[    0.622575] RTC time: 11:38:51, date: 11/30/20
[    0.623992] NET: Registered protocol family 16
[    0.635574] cpuidle: using governor ladder
[    0.646271] cpuidle: using governor menu
[    0.647643] PCCT header not found.
[    0.648799] ACPI: bus type PCI registered
[    0.650173] acpiphp: ACPI Hot Plug PCI Controller Driver version: 0.5
[    0.652265] PCI: Using configuration type 1 for base access
[    0.668148] ACPI: Added _OSI(Module Device)
[    0.669630] ACPI: Added _OSI(Processor Device)
[    0.671150] ACPI: Added _OSI(3.0 _SCP Extensions)
[    0.672427] ACPI: Added _OSI(Processor Aggregator Device)
[    0.675016] ACPI: Executed 1 blocks of module-level executable AML code
[    0.684608] ACPI: Interpreter enabled
[    0.686507] ACPI: (supports S0 S5)
[    0.687617] ACPI: Using IOAPIC for interrupt routing
[    0.689634] PCI: Using host bridge windows from ACPI; if necessary, use "pci=nocrs" and report a bug
[    0.703087] ACPI: PCI Root Bridge [PCI0] (domain 0000 [bus 00-ff])
[    0.705407] acpi PNP0A03:00: _OSC: OS supports [ASPM ClockPM Segments MSI]
[    0.708507] acpi PNP0A03:00: _OSC: not requesting OS control; OS requires [ExtendedConfig ASPM ClockPM MSI]
[    0.714508] acpi PNP0A03:00: fail to add MMCONFIG information, can't access extended PCI configuration space under this bridge.
[    0.720366] PCI host bridge to bus 0000:00
[    0.724383] pci_bus 0000:00: root bus resource [io  0x0000-0x0cf7 window]
[    0.729427] pci_bus 0000:00: root bus resource [io  0x0d00-0xffff window]
[    0.731473] pci_bus 0000:00: root bus resource [mem 0x000a0000-0x000bffff window]
[    0.735142] pci_bus 0000:00: root bus resource [mem 0x40000000-0xfdffffff window]
[    0.738919] pci_bus 0000:00: root bus resource [bus 00-ff]
[    0.746814] pci 0000:00:01.1: legacy IDE quirk: reg 0x10: [io  0x01f0-0x01f7]
[    0.748685] pci 0000:00:01.1: legacy IDE quirk: reg 0x14: [io  0x03f6]
[    0.750336] pci 0000:00:01.1: legacy IDE quirk: reg 0x18: [io  0x0170-0x0177]
[    0.773624] pci 0000:00:01.1: legacy IDE quirk: reg 0x1c: [io  0x0376]
[    0.808164] pci 0000:00:07.0: quirk: [io  0x4000-0x403f] claimed by PIIX4 ACPI
[    0.811437] pci 0000:00:07.0: quirk: [io  0x4100-0x410f] claimed by PIIX4 SMB
[    0.836864] ACPI: PCI Interrupt Link [LNKA] (IRQs 5 9 10 *11)
[    0.839482] ACPI: PCI Interrupt Link [LNKB] (IRQs 5 9 *10 11)
[    0.842971] ACPI: PCI Interrupt Link [LNKC] (IRQs 5 *9 10 11)
[    0.848218] ACPI: PCI Interrupt Link [LNKD] (IRQs 5 9 10 *11)
[    0.851755] ACPI: Enabled 2 GPEs in block 00 to 07
[    0.855765] vgaarb: setting as boot device: PCI:0000:00:02.0
[    0.857745] vgaarb: device added: PCI:0000:00:02.0,decodes=io+mem,owns=io+mem,locks=none
[    0.860610] vgaarb: loaded
[    0.861609] vgaarb: bridge control possible 0000:00:02.0
[    0.863728] SCSI subsystem initialized
[    0.865771] ACPI: bus type USB registered
[    0.867056] usbcore: registered new interface driver usbfs
[    0.868766] usbcore: registered new interface driver hub
[    0.870459] usbcore: registered new device driver usb
[    0.872302] PCI: Using ACPI for IRQ routing
[    0.878388] NetLabel: Initializing
[    0.880212] NetLabel:  domain hash size = 128
[    0.881576] NetLabel:  protocols = UNLABELED CIPSOv4
[    0.883091] NetLabel:  unlabeled traffic allowed by default
[    0.888266] amd_nb: Cannot enumerate AMD northbridges
[    0.889954] clocksource: Switched to clocksource kvm-clock
[    0.918553] AppArmor: AppArmor Filesystem Enabled
[    0.921597] pnp: PnP ACPI init
[    0.924945] pnp: PnP ACPI: found 3 devices
[    0.945369] clocksource: acpi_pm: mask: 0xffffff max_cycles: 0xffffff, max_idle_ns: 2085701024 ns
[    0.948646] NET: Registered protocol family 2
[    0.950221] TCP established hash table entries: 8192 (order: 4, 65536 bytes)
[    0.951884] TCP bind hash table entries: 8192 (order: 5, 131072 bytes)
[    0.953472] TCP: Hash tables configured (established 8192 bind 8192)
[    0.955002] UDP hash table entries: 512 (order: 2, 16384 bytes)
[    0.956571] UDP-Lite hash table entries: 512 (order: 2, 16384 bytes)
[    0.958166] NET: Registered protocol family 1
[    0.959970] pci 0000:00:00.0: Limiting direct PCI/PCI transfers
[    0.962029] pci 0000:00:01.0: Activating ISA DMA hang workarounds
[    0.964268] Unpacking initramfs...
[    1.372261] Freeing initrd memory: 14880K
[    1.374003] clocksource: tsc: mask: 0xffffffffffffffff max_cycles: 0x2717868ea45, max_idle_ns: 440795316085 ns
[    1.378943] platform rtc_cmos: registered platform RTC device (no PNP device found)
[    1.383653] Scanning for low memory corruption every 60 seconds
[    1.385876] audit: initializing netlink subsys (disabled)
[    1.387314] audit: type=2000 audit(1606736338.013:1): initialized
[    1.389184] Initialise system trusted keyring
[    1.390645] HugeTLB registered 2 MB page size, pre-allocated 0 pages
[    1.394862] zbud: loaded
[    1.397339] VFS: Disk quotas dquot_6.6.0
[    1.398549] VFS: Dquot-cache hash table entries: 512 (order 0, 4096 bytes)
[    1.401185] squashfs: version 4.0 (2009/01/31) Phillip Lougher
[    1.403703] fuse init (API version 7.23)
[    1.405047] Key type big_key registered
[    1.406414] Allocating IMA MOK and blacklist keyrings.
[    1.411363] Key type asymmetric registered
[    1.413252] Asymmetric key parser 'x509' registered
[    1.414486] Block layer SCSI generic (bsg) driver version 0.4 loaded (major 249)
[    1.416559] io scheduler noop registered
[    1.417669] io scheduler deadline registered (default)
[    1.419004] io scheduler cfq registered
[    1.420184] pci_hotplug: PCI Hot Plug PCI Core version: 0.5
[    1.421589] pciehp: PCI Express Hot Plug Controller Driver version: 0.4
[    1.424158] ACPI: AC Adapter [AC] (on-line)
[    1.431645] input: Power Button as /devices/LNXSYSTM:00/LNXPWRBN:00/input/input0
[    1.435061] ACPI: Power Button [PWRF]
[    1.436139] input: Sleep Button as /devices/LNXSYSTM:00/LNXSLPBN:00/input/input1
[    1.437981] ACPI: Sleep Button [SLPF]
[    1.439555] GHES: HEST is not enabled!
[    1.441222] ACPI: Battery Slot [BAT0] (battery present)
[    1.442988] Serial: 8250/16550 driver, 32 ports, IRQ sharing enabled
[    1.470488] 00:02: ttyS0 at I/O 0x3f8 (irq = 4, base_baud = 115200) is a 16550A
[    1.480479] Linux agpgart interface v0.103
[    1.484227] loop: module loaded
[    1.486246] scsi host0: ata_piix
[    1.487422] scsi host1: ata_piix
[    1.488573] ata1: PATA max UDMA/33 cmd 0x1f0 ctl 0x3f6 bmdma 0xd000 irq 14
[    1.490055] ata2: PATA max UDMA/33 cmd 0x170 ctl 0x376 bmdma 0xd008 irq 15
[    1.492212] libphy: Fixed MDIO Bus: probed
[    1.496545] tun: Universal TUN/TAP device driver, 1.6
[    1.498029] tun: (C) 1999-2004 Max Krasnyansky <maxk@qualcomm.com>
[    1.499672] PPP generic driver version 2.4.2
[    1.501204] ehci_hcd: USB 2.0 'Enhanced' Host Controller (EHCI) Driver
[    1.505644] ehci-pci: EHCI PCI platform driver
[    1.506867] ehci-platform: EHCI generic platform driver
[    1.508596] ohci_hcd: USB 1.1 'Open' Host Controller (OHCI) Driver
[    1.515695] ohci-pci: OHCI PCI platform driver
[    1.517654] ohci-platform: OHCI generic platform driver
[    1.519129] uhci_hcd: USB Universal Host Controller Interface driver
[    1.520903] i8042: PNP: PS/2 Controller [PNP0303:PS2K,PNP0f03:PS2M] at 0x60,0x64 irq 1,12
[    1.523922] serio: i8042 KBD port at 0x60,0x64 irq 1
[    1.526049] serio: i8042 AUX port at 0x60,0x64 irq 12
[    1.529926] mousedev: PS/2 mouse device common for all mice
[    1.533811] rtc_cmos rtc_cmos: rtc core: registered rtc_cmos as rtc0
[    1.535922] input: AT Translated Set 2 keyboard as /devices/platform/i8042/serio0/input/input2
[    1.538512] rtc_cmos rtc_cmos: alarms up to one day, 114 bytes nvram
[    1.540489] i2c /dev entries driver
[    1.541772] device-mapper: uevent: version 1.0.3
[    1.547129] device-mapper: ioctl: 4.34.0-ioctl (2015-10-28) initialised: dm-devel@redhat.com
[    1.549518] ledtrig-cpu: registered to indicate activity on CPUs
[    1.552285] NET: Registered protocol family 10
[    1.554267] NET: Registered protocol family 17
[    1.555454] Key type dns_resolver registered
[    1.556893] registered taskstats version 1
[    1.557990] Loading compiled-in X.509 certificates
[    1.561124] Loaded X.509 cert 'Build time autogenerated kernel key: 12717d7bded22cc9f4c9021cf049cb5c0a2cb7b0'
[    1.567068] zswap: loaded using pool lzo/zbud
[    1.571313] Key type trusted registered
[    1.578013] Key type encrypted registered
[    1.578993] AppArmor: AppArmor sha1 policy hashing enabled
[    1.580362] ima: No TPM chip found, activating TPM-bypass!
[    1.582129] ima: Allocated hash algorithm: sha1
[    1.583219] evm: HMAC attrs: 0x1
[    1.584333]   Magic number: 12:34:632
[    1.585367] rtc_cmos rtc_cmos: setting system clock to 2020-11-30 11:38:52 UTC (1606736332)
[    1.588144] BIOS EDD facility v0.16 2004-Jun-25, 0 devices found
[    1.589713] EDD information not available.
[    1.686304] Freeing unused kernel memory: 1492K
[    1.688586] Write protecting the kernel read-only data: 14336k
[    1.690283] Freeing unused kernel memory: 1588K
[    1.691346] Freeing unused kernel memory: 56K
Loading, please wait...
starting version 229
[    1.712661] random: systemd-udevd: uninitialized urandom read (16 bytes read, 3 bits of entropy available)
[    1.713833] random: udevadm: uninitialized urandom read (16 bytes read, 3 bits of entropy available)
[    1.713877] random: udevadm: uninitialized urandom read (16 bytes read, 3 bits of entropy available)
[    1.722393] random: systemd-udevd: uninitialized urandom read (16 bytes read, 3 bits of entropy available)
[    1.724701] random: systemd-udevd: uninitialized urandom read (16 bytes read, 3 bits of entropy available)
[    1.726613] random: udevadm: uninitialized urandom read (16 bytes read, 3 bits of entropy available)
[    1.726674] random: udevadm: uninitialized urandom read (16 bytes read, 3 bits of entropy available)
[    1.726880] random: udevadm: uninitialized urandom read (16 bytes read, 3 bits of entropy available)
[    1.726947] random: udevadm: uninitialized urandom read (16 bytes read, 3 bits of entropy available)
[    1.727065] random: udevadm: uninitialized urandom read (16 bytes read, 3 bits of entropy available)
[    1.837088] e1000: Intel(R) PRO/1000 Network Driver - version 7.3.21-k8-NAPI
[    1.838618] e1000: Copyright (c) 1999-2006 Intel Corporation.
[    1.862441] Fusion MPT base driver 3.04.20
[    1.865818] Copyright (c) 1999-2008 LSI Corporation
[    1.888301] AVX2 version of gcm_enc/dec engaged.
[    1.890707] AES CTR mode by8 optimization enabled
[    1.949047] Fusion MPT SPI Host driver 3.04.20
[    2.055925] input: ImExPS/2 Generic Explorer Mouse as /devices/platform/i8042/serio1/input/input4
[    2.391656] e1000 0000:00:03.0 eth0: (PCI:33MHz:32-bit) 02:e0:65:d0:24:0e
[    2.394592] e1000 0000:00:03.0 eth0: Intel(R) PRO/1000 Network Connection
[    2.398319] mptbase: ioc0: Initiating bringup
[    2.914416] ioc0: LSI53C1030 A0: Capabilities={Initiator}
[    4.624828] scsi host2: ioc0: LSI53C1030 A0, FwRev=00000000h, Ports=1, MaxQ=256, IRQ=20
[    5.923208] scsi 2:0:0:0: Direct-Access     VBOX     HARDDISK         1.0  PQ: 0 ANSI: 5
[    5.933785] scsi target2:0:0: Beginning Domain Validation
[    5.943475] scsi target2:0:0: Domain Validation skipping write tests
[    5.947441] scsi target2:0:0: Ending Domain Validation
[    5.949250] scsi target2:0:0: asynchronous
[    5.951148] scsi 2:0:1:0: Direct-Access     VBOX     HARDDISK         1.0  PQ: 0 ANSI: 5
[    5.953764] scsi target2:0:1: Beginning Domain Validation
[    5.956708] scsi target2:0:1: Domain Validation skipping write tests
[    5.960895] scsi target2:0:1: Ending Domain Validation
[    5.972904] scsi target2:0:1: asynchronous
[    6.039164] sd 2:0:0:0: Attached scsi generic sg0 type 0
[    6.040875] sd 2:0:0:0: [sda] 20971520 512-byte logical blocks: (10.7 GB/10.0 GiB)
[    6.045858] sd 2:0:1:0: Attached scsi generic sg1 type 0
[    6.047155] sd 2:0:1:0: [sdb] 20480 512-byte logical blocks: (10.5 MB/10.0 MiB)
[    6.049738] sd 2:0:1:0: [sdb] Write Protect is off
[    6.051216] sd 2:0:0:0: [sda] Write Protect is off
[    6.052654] sd 2:0:1:0: [sdb] Incomplete mode parameter data
[    6.054201] sd 2:0:1:0: [sdb] Assuming drive cache: write through
[    6.056037] sd 2:0:0:0: [sda] Incomplete mode parameter data
[    6.057453] sd 2:0:0:0: [sda] Assuming drive cache: write through
[    6.071494]  sda: sda1
[    6.074470] sd 2:0:0:0: [sda] Attached SCSI disk
[    6.080234] sd 2:0:1:0: [sdb] Attached SCSI disk
[    6.650166] e1000 0000:00:08.0 eth1: (PCI:33MHz:32-bit) 08:00:27:19:88:ce
[    6.651927] e1000 0000:00:08.0 eth1: Intel(R) PRO/1000 Network Connection
[    6.654613] e1000 0000:00:03.0 enp0s3: renamed from eth0
[    6.670358] e1000 0000:00:08.0 enp0s8: renamed from eth1
Begin: Loading essential drivers ... [    8.236851] md: linear personality registered for level -1
[    8.240311] md: multipath personality registered for level -4
[    8.247797] md: raid0 personality registered for level 0
[    8.252400] md: raid1 personality registered for level 1
[    8.322278] raid6: sse2x1   gen()  6655 MB/s
[    8.390287] raid6: sse2x1   xor()  6324 MB/s
[    8.458032] raid6: sse2x2   gen() 10036 MB/s
[    8.526703] raid6: sse2x2   xor()  7164 MB/s
[    8.595785] raid6: sse2x4   gen() 11406 MB/s
[    8.666338] raid6: sse2x4   xor()  6455 MB/s
[    8.734647] raid6: avx2x1   gen() 14830 MB/s
[    8.802142] raid6: avx2x2   gen() 13714 MB/s
[    8.870084] raid6: avx2x4   gen() 15166 MB/s
[    8.871205] raid6: using algorithm avx2x4 gen() 15166 MB/s
[    8.874545] raid6: using avx2x2 recovery algorithm
[    8.882655] xor: automatically using best checksumming function:
[    8.922233]    avx       : 19476.000 MB/sec
[    8.924986] async_tx: api initialized (async)
[    8.944028] md: raid6 personality registered for level 6
[    8.945818] md: raid5 personality registered for level 5
[    8.947900] md: raid4 personality registered for level 4
[    8.966035] md: raid10 personality registered for level 10
done.
Begin: Running /scripts/init-premount ... done.
Begin: Mounting root file system ... Begin: Running /scripts/local-top ... done.
Begin: Running /scripts/local-premount ... [    9.014763] Btrfs loaded
Scanning for Btrfs filesystems
done.
Warning: fsck not present, so skipping root file system
[    9.056191] EXT4-fs (sda1): mounted filesystem with ordered data mode. Opts: (null)
done.
Begin: Running /scripts/local-bottom ... done.
Begin: Running /scripts/init-bottom ... done.
[    9.201283] systemd[1]: systemd 229 running in system mode. (+PAM +AUDIT +SELINUX +IMA +APPARMOR +SMACK +SYSVINIT +UTMP +LIBCRYPTSETUP +GCRYPT +GNUTLS +ACL +XZ -LZ4 +SECCOMP +BLKID +ELFUTILS +KMOD -IDN)
[    9.205068] systemd[1]: Detected virtualization oracle.
[    9.206463] systemd[1]: Detected architecture x86-64.

Welcome to [1mUbuntu 16.04.7 LTS[0m!

[    9.213799] systemd[1]: Set hostname to <ubuntu>.
[    9.221060] systemd[1]: Initializing machine ID from random generator.
[    9.222774] systemd[1]: Installed transient /etc/machine-id file.
[    9.428171] systemd[1]: Listening on udev Kernel Socket.
[[0;32m  OK  [0m] Listening on udev Kernel Socket.
[    9.430761] systemd[1]: Created slice System Slice.
[[0;32m  OK  [0m] Created slice System Slice.
[    9.439085] systemd[1]: Listening on Syslog Socket.
[[0;32m  OK  [0m] Listening on Syslog Socket.
[    9.441254] systemd[1]: Listening on LVM2 metadata daemon socket.
[[0;32m  OK  [0m] Listening on LVM2 metadata daemon socket.
[    9.450750] systemd[1]: Listening on Journal Socket.
[[0;32m  OK  [0m] Listening on Journal Socket.
[    9.462400] systemd[1]: Mounting Huge Pages File System...
         Mounting Huge Pages File System...
[    9.466776] systemd[1]: Mounting POSIX Message Queue File System...
         Mounting POSIX Message Queue File System...
[    9.471596] systemd[1]: Mounting Debug File System...
         Mounting Debug File System...
[    9.475852] systemd[1]: Listening on /dev/initctl Compatibility Named Pipe.
[[0;32m  OK  [0m] Listening on /dev/initctl Compatibility Named Pipe.
[    9.491106] systemd[1]: Reached target User and Group Name Lookups.
[[0;32m  OK  [0m] Reached target User and Group Name Lookups.
[    9.510989] systemd[1]: Starting Load Kernel Modules...
         Starting Load Kernel Modules...
[    9.514675] systemd[1]: Listening on Device-mapper event daemon FIFOs.
[[0;32m  OK  [0m] Listening on Device-mapper event daemon FIFOs.
[    9.518361] systemd[1]: Starting Monitoring of LVM2 mirrors, snapshots etc. using dmeventd or progress polling...
         Starting Monitoring of LVM2 mirrors... dmeventd or progress polling...
[    9.522733] systemd[1]: Created slice system-serial\x2dgetty.slice.
[[0;32m  OK  [0m] [    9.528044] Loading iSCSI transport class v2.0-870.
Created slice system-serial\x2dgetty.slice.
[    9.529999] systemd[1]: Reached target Encrypted Volumes.
[[0;32m  OK  [0m] Reached target Encrypted Volumes.
[    9.539953] iscsi: registered transport (tcp)
[    9.546691] systemd[1]: Starting Nameserver information manager...
         Starting Nameserver information manager...
[    9.563164] systemd[1]: Starting Set console keymap...
         Starting Set console keymap...
[    9.569221] systemd[1]: Reached target System Time Synchronized.
[[0;32m  OK  [0m] Reached target System Time Synchronized.
[    9.574484] systemd[1]: Starting Uncomplicated firewall...
         Starting Uncomplicated firewall...
[    9.582880] systemd[1]: Starting Create list of required static device nodes for the current kernel...
         Starting Create list of required st... nodes for the current kernel...
[    9.588595] systemd[1]: Set up automount Arbitrary Executable File Formats File System Automount Point.
[[0;32m  OK  [0m] Set up automount Arbitrary Executab...ats File System Automount Point.
[    9.598981] systemd[1]: Listening on udev Control Socket.
[[0;32m  OK  [0m] Listening on udev Control Socket.
[    9.601719] systemd[1]: Created slice User and Session Slice.
[[0;32m  OK  [0m] Created slice User and Session Slice.
[    9.605047] systemd[1]: Reached target Slices.
[[0;32m  OK  [0m] Reached target Slices.
[    9.609451] systemd[1]: Listening on LVM2 poll daemon socket.
[[0;32m  OK  [0m] Listening on LVM2 poll daemon socket.
[    9.612819] systemd[1]: Started Forward Password Requests to Wall Directory Watch.
[[0;32m  OK  [0m] Started Forward Password Requests to Wall Directory Watch.
[    9.616796] systemd[1]: Listening on Journal Audit Socket.
[[0;32m  OK  [0m] Listening on Journal Audit Socket.
[    9.627457] systemd[1]: Started Trigger resolvconf update for networkd DNS.
[[0;32m  OK  [0m] Started Trigger resolvconf update for networkd DNS.
[    9.636536] systemd[1]: Listening on Journal Socket (/dev/log).
[[0;32m  OK  [0m] Listening on Journal Socket (/dev/log).
[    9.650305] iscsi: registered transport (iser)
[    9.659199] systemd[1]: Starting Journal Service...
         Starting Journal Service...
[    9.669991] systemd[1]: Reached target Swap.
[[0;32m  OK  [0m] Reached target Swap.
[    9.679465] systemd[1]: Starting Remount Root and Kernel File Systems...
         Starting Remount Root and Kernel File Systems...
[    9.696191] EXT4-fs (sda1): re-mounted. Opts: (null)
[    9.696522] systemd[1]: Mounted Huge Pages File System.
[[0;32m  OK  [0m] Mounted Huge Pages File System.
[    9.702347] systemd[1]: Mounted Debug File System.
[[0;32m  OK  [0m] Mounted Debug File System.
[    9.704799] systemd[1]: Mounted POSIX Message Queue File System.
[[0;32m  OK  [0m] Mounted POSIX Message Queue File System.
[    9.715161] systemd[1]: Started Load Kernel Modules.
[[0;32m  OK  [0m] Started Load Kernel Modules.
[    9.731602] systemd[1]: Started Set console keymap.
[[0;32m  OK  [0m] Started Set console keymap.
[    9.735553] systemd[1]: Started Uncomplicated firewall.
[    9.739007] random: nonblocking pool is initialized
[[0;32m  OK  [0m] Started Uncomplicated firewall.
[    9.745646] systemd[1]: Started Create list of required static device nodes for the current kernel.
[[0;32m  OK  [0m] Started Create list of required sta...ce nodes for the current kernel.
[    9.750019] systemd[1]: Started Remount Root and Kernel File Systems.
[[0;32m  OK  [0m] Started Remount Root and Kernel File Systems.
[    9.753506] systemd[1]: Started Nameserver information manager.
[[0;32m  OK  [0m] Started Nameserver information manager.
[    9.763014] systemd[1]: Started Journal Service.
[[0;32m  OK  [0m] Started Journal Service.
[[0;32m  OK  [0m] Started LVM2 metadata daemon.
         Starting udev Coldplug all Devices...
         Starting Load/Save Random Seed...
         Starting Flush Journal to Persistent Storage...
         Starting Create Static Device Nodes in /dev...
         Mounting FUSE Control File System...
         Starting Apply Kernel Variables...
[[0;32m  OK  [0m] Started Load/Save Random Seed.
[[0;32m  OK  [0m] Mounted FUSE Control File System.
[    9.841697] systemd-journald[419]: Received request to flush runtime journal from PID 1
[[0;32m  OK  [0m] Started Apply Kernel Variables.
[[0;32m  OK  [0m] Started Flush Journal to Persistent Storage.
[[0;32m  OK  [0m] Started Create Static Device Nodes in /dev.
         Starting udev Kernel Device Manager...
[[0;32m  OK  [0m] Started Monitoring of LVM2 mirrors,...ng dmeventd or progress polling.
[[0;32m  OK  [0m] Reached target Local File Systems (Pre).
[[0;32m  OK  [0m] Reached target Local File Systems.
         Starting Set console font and keymap...
         Starting Create Volatile Files and Directories...
         Starting Commit a transient machine-id on disk...
         Starting Initial cloud-init job (pre-networking)...
         Starting Tell Plymouth To Write Out Runtime Data...
         Starting LSB: AppArmor initialization...
[[0;32m  OK  [0m] Started udev Coldplug all Devices.
[[0;32m  OK  [0m] Started udev Kernel Device Manager.
[[0;32m  OK  [0m] Started Dispatch Password Requests to Console Directory Watch.
[[0;32m  OK  [0m] Started Tell Plymouth To Write Out Runtime Data.
[[0;32m  OK  [0m] Started Create Volatile Files and Directories.
         Starting Update UTMP about System Boot/Shutdown...
[[0;32m  OK  [0m] Started Commit a transient machine-id on disk.
[[0;32m  OK  [0m] Started Update UTMP about System Boot/Shutdown.
[[0;32m  OK  [0m] Found device /dev/ttyS0.
[[0;32m  OK  [0m] Listening on Load/Save RF Kill Switch Status /dev/rfkill Watch.
[[0;32m  OK  [0m] Started LSB: AppArmor initialization.
         Starting Load AppArmor profiles managed internally by snapd...
[[0;32m  OK  [0m] Started Set console font and keymap.
[[0;32m  OK  [0m] Started Load AppArmor profiles managed internally by snapd.
[[0;32m  OK  [0m] Created slice system-getty.slice.
[   13.040967] cloud-init[495]: Cloud-init v. 20.3-2-g371b392c-0ubuntu1~16.04.1 running 'init-local' at Mon, 30 Nov 2020 11:39:03 +0000. Up 12.15 seconds.
[[0;32m  OK  [0m] Started Initial cloud-init job (pre-networking).
[[0;32m  OK  [0m] Reached target Network (Pre).
         Starting Raise network interfaces...
[[0;32m  OK  [0m] Started Raise network interfaces.
[[0;32m  OK  [0m] Reached target Network.
         Starting Initial cloud-init job (metadata service crawler)...
[   15.107424] cloud-init[980]: Cloud-init v. 20.3-2-g371b392c-0ubuntu1~16.04.1 running 'init' at Mon, 30 Nov 2020 11:39:05 +0000. Up 14.23 seconds.
[   15.109894] cloud-init[980]: ci-info: ++++++++++++++++++++++++++++++++++++++Net device info+++++++++++++++++++++++++++++++++++++++
[   15.114645] cloud-init[980]: ci-info: +--------+-------+----------------------------+---------------+--------+-------------------+
[   15.118346] cloud-init[980]: ci-info: | Device |   Up  |          Address           |      Mask     | Scope  |     Hw-Address    |
[   15.121515] cloud-init[980]: ci-info: +--------+-------+----------------------------+---------------+--------+-------------------+
[   15.126810] cloud-init[980]: ci-info: | enp0s3 |  True |         10.0.2.15          | 255.255.255.0 | global | 02:e0:65:d0:24:0e |
[   15.131762] cloud-init[980]: ci-info: | enp0s3 |  True | fe80::e0:65ff:fed0:240e/64 |       .       |  link  | 02:e0:65:d0:24:0e |
[   15.134857] cloud-init[980]: ci-info: | enp0s8 | False |             .              |       .       |   .    | 08:00:27:19:88:ce |
[   15.136848] cloud-init[980]: ci-info: |   lo   |  True |         127.0.0.1          |   255.0.0.0   |  host  |         .         |
[   15.138991] cloud-init[980]: ci-info: |   lo   |  True |          ::1/128           |       .       |  host  |         .         |
[   15.141589] cloud-init[980]: ci-info: +--------+-------+----------------------------+---------------+--------+-------------------+
[   15.147516] cloud-init[980]: ci-info: +++++++++++++++++++++++++++Route IPv4 info++++++++++++++++++++++++++++
[   15.150093] cloud-init[980]: ci-info: +-------+-------------+----------+---------------+-----------+-------+
[   15.152346] cloud-init[980]: ci-info: | Route | Destination | Gateway  |    Genmask    | Interface | Flags |
[   15.157057] cloud-init[980]: ci-info: +-------+-------------+----------+---------------+-----------+-------+
[   15.159973] cloud-init[980]: ci-info: |   0   |   0.0.0.0   | 10.0.2.2 |    0.0.0.0    |   enp0s3  |   UG  |
[   15.170568] cloud-init[980]: ci-info: |   1   |   10.0.2.0  | 0.0.0.0  | 255.255.255.0 |   enp0s3  |   U   |
[   15.172424] cloud-init[980]: ci-info: +-------+-------------+----------+---------------+-----------+-------+
[   15.174388] cloud-init[980]: ci-info: +++++++++++++++++++Route IPv6 info+++++++++++++++++++
[   15.176284] cloud-init[980]: ci-info: +-------+-------------+---------+-----------+-------+
[   15.178382] cloud-init[980]: ci-info: | Route | Destination | Gateway | Interface | Flags |
[   15.181714] cloud-init[980]: ci-info: +-------+-------------+---------+-----------+-------+
[   15.185096] cloud-init[980]: ci-info: |   0   |  fe80::/64  |    ::   |   enp0s3  |   U   |
[   15.190538] cloud-init[980]: ci-info: |   3   |   ff00::/8  |    ::   |   enp0s3  |   U   |
[   15.197877] cloud-init[980]: ci-info: +-------+-------------+---------+-----------+-------+
[   15.201618] cloud-init[980]: Generating public/private rsa key pair.
[   15.208706] cloud-init[980]: Your identification has been saved in /etc/ssh/ssh_host_rsa_key.
[   15.222331] cloud-init[980]: Your public key has been saved in /etc/ssh/ssh_host_rsa_key.pub.
[   15.245605] cloud-init[980]: The key fingerprint is:
[   15.253464] cloud-init[980]: SHA256:mQ6FQpj9Zv8NBZ5jyupsg+gP0vweYxlz5Q9bGi2QthQ root@ubuntu-xenial
[   15.256220] cloud-init[980]: The key's randomart image is:
[   15.257917] cloud-init[980]: +---[RSA 2048]----+
[   15.263973] cloud-init[980]: |   +. E          |
[   15.268728] cloud-init[980]: |  o..  +  .      |
[   15.270677] cloud-init[980]: |    ..* o. o     |
[   15.272359] cloud-init[980]: |     ++* += .    |
[   15.274828] cloud-init[980]: |    oo+oSooo     |
[   15.282563] cloud-init[980]: | o   = o+O.      |
[   15.288161] cloud-init[980]: |. +.=. .+..o     |
[   15.290966] cloud-init[980]: | ..+.++   . .    |
[   15.298941] cloud-init[980]: | ..o+oo.         |
[   15.303454] cloud-init[980]: +----[SHA256]-----+
[   15.305685] cloud-init[980]: Generating public/private dsa key pair.
[   15.309974] cloud-init[980]: Your identification has been saved in /etc/ssh/ssh_host_dsa_key.
[   15.316520] cloud-init[980]: Your public key has been saved in /etc/ssh/ssh_host_dsa_key.pub.
[   15.318189] cloud-init[980]: The key fingerprint is:
[   15.324660] cloud-init[980]: SHA256:8TeW+N+O7WdfduvDEef5XqgxpT67fNhSgsu7lnzVfkI root@ubuntu-xenial
[   15.326606] cloud-init[980]: The key's randomart image is:
[   15.328735] cloud-init[980]: +---[DSA 1024]----+
[   15.336914] cloud-init[980]: |                 |
[   15.341676] cloud-init[980]: |                 |
[   15.343283] cloud-init[980]: |        .        |
[   15.348542] cloud-init[980]: |         o . . ..|
[   15.351214] cloud-init[980]: |        S o.= .o+|
[   15.355719] cloud-init[980]: |          .+.+E+o|
[   15.362498] cloud-init[980]: |         o o=Bo.B|
[   15.367040] cloud-init[980]: |          *o==+B@|
[   15.369762] cloud-init[980]: |         .o+**+O%|
[   15.370987] cloud-init[980]: +----[SHA256]-----+
[   15.376529] cloud-init[980]: Generating public/private ecdsa key pair.
[   15.381916] cloud-init[980]: Your identification has been saved in /etc/ssh/ssh_host_ecdsa_key.
[   15.386224] cloud-init[980]: Your public key has been saved in /etc/ssh/ssh_host_ecdsa_key.pub.
[   15.388534] cloud-init[980]: The key fingerprint is:
[   15.390106] cloud-init[980]: SHA256:1z+2Tvsdfi2RR4SGPeWoxWRRU35JAyRQyv/NESmMjww root@ubuntu-xenial
[   15.393425] cloud-init[980]: The key's randomart image is:
[   15.398998] cloud-init[980]: +---[ECDSA 256]---+
[   15.402342] cloud-init[980]: |         .oo.==O=|
[   15.404107] cloud-init[980]: |        . . =+*+*|
[   15.407438] cloud-init[980]: |         E . ++*+|
[   15.409769] cloud-init[980]: |          +.oo. +|
[   15.417858] cloud-init[980]: |        S .+o. + |
[   15.421694] cloud-init[980]: |         .  ..= o|
[   15.430445] cloud-init[980]: |             .=*.|
[   15.435166] cloud-init[980]: |             oo+=|
[   15.437105] cloud-init[980]: |             .+++|
[   15.446975] cloud-init[980]: +----[SHA256]-----+
[   15.459940] cloud-init[980]: Generating public/private ed25519 key pair.
[   15.463107] cloud-init[980]: Your identification has been saved in /etc/ssh/ssh_host_ed25519_key.
[[0;32m  OK  [0m] Started Initial cloud-init job (metadata service crawler).
[[0;32m  OK  [0m] Reached target System Initialization.
[[0;32m  OK  [0m] Started Daily apt download activities.
[[0;32m  OK  [0m] Started Daily Cleanup of Temporary Directories.
[   15.469793] cloud-init[980]: Your public key has been saved in /etc/ssh/ssh_host_ed25519_key.pub.
[   15.489413] cloud-init[980]: The key fingerprint is:
[[0;32m  OK  [0m] Listening on UUID daemon activation socket.
[   15.496554] cloud-init[980]: SHA256:qwEDykTiQdOvncv4KTHM6VrkcztmQ51dGrHVon0FRIc root@ubuntu-xenial
[   15.508802] cloud-init[980]: The key's randomart image is:
[   15.510518] cloud-init[980]: +--[ED25519 256]--+
         Starting LXD - unix socket.
         Starting Socket activation for snappy daemon.
[[0;32m  OK  [0m] Started Daily apt upgrade and clean activities.
[   15.522674] cloud-init[980]: |o=.         ++o. |
[   15.537664] cloud-init[980]: |+ o.     . o E.. |
[   15.539056] cloud-init[980]: | o. .     * . .  |
[   15.540157] cloud-init[980]: |o. . .   + o .   |
[[0;32m  OK  [0m] Started ACPI Events Check.
[[0;32m  OK  [0m] Reached target Paths.
[[0;32m  OK  [0m] Listening on D-Bus System Message Bus Socket.
[[0;32m  OK  [0m] Listening on ACPID Listen Socket.
[   15.552177] cloud-init[980]: |..o.* o S + .    |
[   15.563241] cloud-init[980]: |  oB * o +       |
[   15.565632] cloud-init[980]: |  .+*.o .        |
[[0;32m  OK  [0m] Started Message of the Day.
[[0;32m  OK  [0m] Reached target Timers.
[[0;32m  OK  [0m] Reached target Network is Online.
[   15.570538] cloud-init[980]: |  .+oBoo         |
[   15.575395] cloud-init[980]: | .. =++          |
[   15.584817] cloud-init[980]: +----[SHA256]-----+
         Starting iSCSI initiator daemon (iscsid)...
[[0;32m  OK  [0m] Reached target Cloud-config availability.
[[0;32m  OK  [0m] Listening on LXD - unix socket.
[[0;32m  OK  [0m] Listening on Socket activation for snappy daemon.
[[0;32m  OK  [0m] Reached target Sockets.
[[0;32m  OK  [0m] Reached target Basic System.
[[0;32m  OK  [0m] Started ACPI event daemon.
         Starting LXD - container startup/shutdown...
         Starting Login Service...
         Starting Virtualbox guest utils...
         Starting Accounts Service...
         Starting LSB: MD monitoring daemon...
[[0;32m  OK  [0m] Started Deferred execution scheduler.
[[0;32m  OK  [0m] Started D-Bus System Message Bus.
         Starting System Logging Service...
         Starting Snap Daemon...
         Starting /etc/rc.local Compatibility...
[[0;32m  OK  [0m] Started Regular background program processing daemon.
[[0;32m  OK  [0m] Started FUSE filesystem for LXC.
         Starting LSB: Record successful boot for GRUB...
         Starting Pollinate to seed the pseudo random number generator...
[[0;32m  OK  [0m] Started /etc/rc.local Compatibility.
[[0;32m  OK  [0m] Started Login Service.
[[0;32m  OK  [0m] Started Unattended Upgrades Shutdown.
         Starting Authenticate and Authorize Users to Run Privileged Tasks...
[[0;32m  OK  [0m] Started iSCSI initiator daemon (iscsid).
         Starting Login to default iSCSI targets...
[[0;32m  OK  [0m] Started System Logging Service.
[[0;32m  OK  [0m] Started LSB: MD monitoring daemon.
[[0;32m  OK  [0m] Started LSB: Record successful boot for GRUB.
[[0;32m  OK  [0m] Started LXD - container startup/shutdown.
[[0;32m  OK  [0m] Started Login to default iSCSI targets.
[[0;32m  OK  [0m] Reached target Remote File Systems (Pre).
[[0;32m  OK  [0m] Reached target Remote File Systems.
         Starting LSB: daemon to balance interrupts for SMP systems...
         Starting LSB: Set the CPU Frequency Scaling governor to "ondemand"...
         Starting LSB: automatic crash report generation...
         Starting Permit User Sessions...
[[0;32m  OK  [0m] Started Permit User Sessions.
         Starting Terminate Plymouth Boot Screen...
         Starting Hold until boot process finishes up...
[[0;32m  OK  [0m] Started Authenticate and Authorize Users to Run Privileged Tasks.
[[0;32m  OK  [0m] Started Terminate Plymouth Boot Screen.
[[0;32m  OK  [0m] Started Hold until boot process finishes up.
[[0;32m  OK  [0m] Started Accounts Service.
[[0;32m  OK  [0m] Started Serial Getty on ttyS0.
         Starting Set console scheme...
[[0;32m  OK  [0m] Started Getty on tty1.
[[0;32m  OK  [0m] Reached target Login Prompts.
[[0;32m  OK  [0m] Started LSB: daemon to balance interrupts for SMP systems.
[[0;32m  OK  [0m] Started LSB: Set the CPU Frequency Scaling governor to "ondemand".
[[0;32m  OK  [0m] Started LSB: automatic crash report generation.
[[0;32m  OK  [0m] Started Set console scheme.
[[0;32m  OK  [0m] Started Virtualbox guest utils.
[[0;32m  OK  [0m] Started Snap Daemon.
         Starting Wait until snapd is fully seeded...
[[0;32m  OK  [0m] Started Wait until snapd is fully seeded.
         Starting Apply the settings specified in cloud-config...
[[0;32m  OK  [0m] Started Pollinate to seed the pseudo random number generator.
         Starting OpenBSD Secure Shell server...
[[0;32m  OK  [0m] Started OpenBSD Secure Shell server.
[[0;32m  OK  [0m] Reached target Multi-User System.
[[0;32m  OK  [0m] Reached target Graphical Interface.
         Starting Update UTMP about System Runlevel Changes...
[[0;32m  OK  [0m] Started Update UTMP about System Runlevel Changes.
[   17.932669] cloud-init[1322]: Generating locales (this might take a while)...
[[0;32m  OK  [0m] Created slice User Slice of vagrant.
         Starting User Manager for UID 1000...
[[0;32m  OK  [0m] Started Session 1 of user vagrant.
[[0;32m  OK  [0m] Started User Manager for UID 1000.
[   19.775424] cloud-init[1322]:   en_US.UTF-8... done
[   19.784304] cloud-init[1322]: Generation complete.
[   20.984121] cloud-init[1322]: Cloud-init v. 20.3-2-g371b392c-0ubuntu1~16.04.1 running 'modules:config' at Mon, 30 Nov 2020 11:39:08 +0000. Up 17.67 seconds.
[[0;32m  OK  [0m] Started Apply the settings specified in cloud-config.
         Starting Execute cloud user/final scripts...

Ubuntu 16.04.7 LTS ubuntu-xenial ttyS0

ubuntu-xenial login: ci-info: no authorized SSH keys fingerprints found for user ubuntu.
<14>Nov 30 11:39:13 ec2: 
<14>Nov 30 11:39:13 ec2: #############################################################
<14>Nov 30 11:39:13 ec2: -----BEGIN SSH HOST KEY FINGERPRINTS-----
<14>Nov 30 11:39:13 ec2: 1024 SHA256:8TeW+N+O7WdfduvDEef5XqgxpT67fNhSgsu7lnzVfkI root@ubuntu-xenial (DSA)
<14>Nov 30 11:39:13 ec2: 256 SHA256:1z+2Tvsdfi2RR4SGPeWoxWRRU35JAyRQyv/NESmMjww root@ubuntu-xenial (ECDSA)
<14>Nov 30 11:39:13 ec2: 256 SHA256:qwEDykTiQdOvncv4KTHM6VrkcztmQ51dGrHVon0FRIc root@ubuntu-xenial (ED25519)
<14>Nov 30 11:39:13 ec2: 2048 SHA256:mQ6FQpj9Zv8NBZ5jyupsg+gP0vweYxlz5Q9bGi2QthQ root@ubuntu-xenial (RSA)
<14>Nov 30 11:39:13 ec2: -----END SSH HOST KEY FINGERPRINTS-----
<14>Nov 30 11:39:13 ec2: #############################################################
-----BEGIN SSH HOST KEY KEYS-----
ecdsa-sha2-nistp256 AAAAE2VjZHNhLXNoYTItbmlzdHAyNTYAAAAIbmlzdHAyNTYAAABBBPTfUvAsttKjPmCm7AP3lz/NlFl84zS1wLjQspJ5DY9g3D6w7FGW0cEiGO78r96NNfJD+mWtj5Jr6GDH2A+7rCo= root@ubuntu-xenial
ssh-ed25519 AAAAC3NzaC1lZDI1NTE5AAAAIIdBhfhQnDBbWuCfMBJv/EtMnYgid5nqgmJnYCSw/qSM root@ubuntu-xenial
ssh-rsa AAAAB3NzaC1yc2EAAAADAQABAAABAQDGPM4qjl6LlLK+0ULjP5cBSOty2a96EqArgY9N7v/V+8N3OK29RsvDZfy3Iptzv8aGhEJCCWBDYyIV13h/fffdWN1L+7Cz038amBXCxdud1VyQ8UDh5m+V4g1ehWCheSJ6fXzQ5hFpt3ZJ4OTKe5FvjiavR5yv75CPy6tgPeVOiPX1YHc1ffkCC3gT/1i7KlLJ0jLSfd1SzQr6tIbj9UsBjPja3iR1L470yZF2cYcZ6ae8V+diL3UGgoWPHpG/1gdF4lOTb2zMXbGGxbqSMJvOqdwUuS6AiwWHyidWpZXpSZGXna2Q8vYY+XLy/0I8PIvqZwpGUaPy3RSQINQwigPj root@ubuntu-xenial
-----END SSH HOST KEY KEYS-----
[   22.872496] cloud-init[1457]: Cloud-init v. 20.3-2-g371b392c-0ubuntu1~16.04.1 running 'modules:final' at Mon, 30 Nov 2020 11:39:13 +0000. Up 22.27 seconds.
[   22.875477] cloud-init[1457]: ci-info: no authorized SSH keys fingerprints found for user ubuntu.
[   22.876956] cloud-init[1457]: Cloud-init v. 20.3-2-g371b392c-0ubuntu1~16.04.1 finished at Mon, 30 Nov 2020 11:39:14 +0000. Datasource DataSourceNoCloud [seed=/dev/sdb][dsmode=net].  Up 22.83 seconds
